MPLINK 4.46, Linker
Linker Map File - Created Fri Apr 08 18:11:28 2016

                                 Section Info
                  Section       Type    Address   Location Size(Bytes)
                ---------  ---------  ---------  ---------  ---------
               _entry_scn       code   0x000000    program   0x000006
                   .cinit    romdata   0x000006    program   0x00000e
       .code_final_2550.o       code   0x000014    program   0x000940
                   STDLIB       code   0x000954    program   0x000134
               _cinit_scn       code   0x000a88    program   0x00009e
                    .code       code   0x000b26    program   0x000020
             _startup_scn       code   0x000b46    program   0x00001c
           .code___init.o       code   0x000b62    program   0x000002
         .romdata_c018i.o    romdata   0x000b64    program   0x000000
    .idata_final_2550.o_i    romdata   0x000b64    program   0x00006a
    .romdata_final_2550.o    romdata   0x000b64    program   0x000000
             .stringtable    romdata   0x000b64    program   0x000000
        .romdata___init.o    romdata   0x000b64    program   0x000000
         .idata_c018i.o_i    romdata   0x000bce    program   0x000000
            .code_c018i.o       code   0x000bce    program   0x000000
        .idata___init.o_i    romdata   0x000bce    program   0x000000
                 .tmpdata      udata   0x000000       data   0x000004
                MATH_DATA      udata   0x000004       data   0x000002
      .idata_final_2550.o      idata   0x000060       data   0x00006a
           .udata_c018i.o      udata   0x0000ca       data   0x00000a
      .udata_final_2550.o      udata   0x0000d4       data   0x000002
           .idata_c018i.o      idata   0x0000d6       data   0x000000
          .udata___init.o      udata   0x0000d6       data   0x000000
          .idata___init.o      idata   0x0000d6       data   0x000000
                   .stack      udata   0x000300       data   0x000100
            SFR_UNBANKED0      udata   0x000f66       data   0x00009a



                              Program Memory Usage 
                               Start         End      
                           ---------   ---------      
                            0x000000    0x000bcd      
            3022 out of 33048 program addresses used, program memory utilization is 9%



                              Symbols - Sorted by Name
                     Name    Address   Location    Storage File                     
                ---------  ---------  ---------  --------- ---------                
                  OneByte   0x000a76    program     static E:\3.45\pic18-lt\cxx-framework\src\traditional\stdclib\itobcd.asm
                ProcLower   0x000a2a    program     static E:\3.45\pic18-lt\cxx-framework\src\traditional\stdclib\itoa.asm
                ProcUpper   0x000a20    program     static E:\3.45\pic18-lt\cxx-framework\src\traditional\stdclib\itoa.asm
                 TstLower   0x000a14    program     static E:\3.45\pic18-lt\cxx-framework\src\traditional\stdclib\itoa.asm
                 TstUpper   0x000a0e    program     static E:\3.45\pic18-lt\cxx-framework\src\traditional\stdclib\itoa.asm
       ___return_lbl00000   0x000004    program     static                          
       ___return_lbl00001   0x000b60    program     static                          
       ___return_lbl00002   0x000b24    program     static                          
                   __init   0x000b62    program     extern E:\3.45\pic18-lt\cxx-framework\src\traditional\stdclib\__init.c
            __zero_memory   0x000b26    program     extern E:\3.45\pic18-lt\cxx-framework\src\traditional\proc\p18f2550.asm
                _do_cinit   0x000a88    program     extern E:\3.45\pic18-lt\cxx-framework\src\traditional\startup\c018i.c
                   _entry   0x000000    program     extern E:\3.45\pic18-lt\cxx-framework\src\traditional\startup\c018i.c
                 _startup   0x000b46    program     extern E:\3.45\pic18-lt\cxx-framework\src\traditional\startup\c018i.c
                auto_mode   0x0005f2    program     extern G:\study\MPlabPIC_projects\Project rough cuts\Final 2550\final_2550.c
                check_ack   0x000936    program     extern G:\study\MPlabPIC_projects\Project rough cuts\Final 2550\final_2550.c
                compare_l   0x000b3c    program     static E:\3.45\pic18-lt\cxx-framework\src\traditional\proc\p18f2550.asm
                copy_loop   0x000afa    program     static                          
            copy_one_byte   0x000b00    program     static                          
                delay_min   0x000320    program     extern G:\study\MPlabPIC_projects\Project rough cuts\Final 2550\final_2550.c
                delay_sec   0x0002da    program     extern G:\study\MPlabPIC_projects\Project rough cuts\Final 2550\final_2550.c
                     done   0x000b24    program     static                          
             done_copying   0x000b0e    program     static                          
                input_sit   0x0006e4    program     extern G:\study\MPlabPIC_projects\Project rough cuts\Final 2550\final_2550.c
              input_stand   0x000804    program     extern G:\study\MPlabPIC_projects\Project rough cuts\Final 2550\final_2550.c
                   itoBCD   0x000a34    program     extern E:\3.45\pic18-lt\cxx-framework\src\traditional\stdclib\itobcd.asm
                     itoa   0x000954    program     extern E:\3.45\pic18-lt\cxx-framework\src\traditional\stdclib\itoa.asm
                     jDo1   0x0009da    program     static E:\3.45\pic18-lt\cxx-framework\src\traditional\stdclib\itoa.asm
                     jDo2   0x0009d6    program     static E:\3.45\pic18-lt\cxx-framework\src\traditional\stdclib\itoa.asm
                     jDo3   0x0009d2    program     static E:\3.45\pic18-lt\cxx-framework\src\traditional\stdclib\itoa.asm
                     jDo4   0x0009ce    program     static E:\3.45\pic18-lt\cxx-framework\src\traditional\stdclib\itoa.asm
                     jDo5   0x0009ca    program     static E:\3.45\pic18-lt\cxx-framework\src\traditional\stdclib\itoa.asm
                     jEnd   0x000a72    program     static E:\3.45\pic18-lt\cxx-framework\src\traditional\stdclib\itobcd.asm
                    jLoop   0x000a4c    program     static E:\3.45\pic18-lt\cxx-framework\src\traditional\stdclib\itobcd.asm
                jTstLowZ1   0x000a1e    program     static E:\3.45\pic18-lt\cxx-framework\src\traditional\stdclib\itoa.asm
                jTstSign1   0x000980    program     static E:\3.45\pic18-lt\cxx-framework\src\traditional\stdclib\itoa.asm
                  lcd_cmd   0x00009c    program     extern G:\study\MPlabPIC_projects\Project rough cuts\Final 2550\lcd.h
                 lcd_data   0x0000dc    program     extern G:\study\MPlabPIC_projects\Project rough cuts\Final 2550\lcd.h
               lcd_gotoxy   0x0001ba    program     extern G:\study\MPlabPIC_projects\Project rough cuts\Final 2550\lcd.h
                 lcd_init   0x00011c    program     extern G:\study\MPlabPIC_projects\Project rough cuts\Final 2550\lcd.h
               lcd_string   0x000164    program     extern G:\study\MPlabPIC_projects\Project rough cuts\Final 2550\lcd.h
               lcd_strobe   0x00008a    program     extern G:\study\MPlabPIC_projects\Project rough cuts\Final 2550\lcd.h
                     loop   0x000b56    program     static                          
                   loop_h   0x000b34    program     static E:\3.45\pic18-lt\cxx-framework\src\traditional\proc\p18f2550.asm
                   loop_l   0x000b3e    program     static E:\3.45\pic18-lt\cxx-framework\src\traditional\proc\p18f2550.asm
                     main   0x0002b2    program     extern G:\study\MPlabPIC_projects\Project rough cuts\Final 2550\final_2550.c
              manual_mode   0x00056a    program     extern G:\study\MPlabPIC_projects\Project rough cuts\Final 2550\final_2550.c
                 mode_sel   0x00035c    program     extern G:\study\MPlabPIC_projects\Project rough cuts\Final 2550\final_2550.c
                 ms_delay   0x000014    program     extern G:\study\MPlabPIC_projects\Project rough cuts\Final 2550\lcd.h
                     test   0x000aa2    program     static                          
               times_mode   0x00064c    program     extern G:\study\MPlabPIC_projects\Project rough cuts\Final 2550\final_2550.c
               zero_block   0x000b34    program     static E:\3.45\pic18-lt\cxx-framework\src\traditional\proc\p18f2550.asm
                   ADCON0   0x000fc2       data     extern E:\3.45\pic18-lt\cxx-framework\src\traditional\proc\p18f2550.asm
               ADCON0bits   0x000fc2       data     extern E:\3.45\pic18-lt\cxx-framework\src\traditional\proc\p18f2550.asm
                   ADCON1   0x000fc1       data     extern E:\3.45\pic18-lt\cxx-framework\src\traditional\proc\p18f2550.asm
               ADCON1bits   0x000fc1       data     extern E:\3.45\pic18-lt\cxx-framework\src\traditional\proc\p18f2550.asm
                   ADCON2   0x000fc0       data     extern E:\3.45\pic18-lt\cxx-framework\src\traditional\proc\p18f2550.asm
               ADCON2bits   0x000fc0       data     extern E:\3.45\pic18-lt\cxx-framework\src\traditional\proc\p18f2550.asm
                    ADRES   0x000fc3       data     extern E:\3.45\pic18-lt\cxx-framework\src\traditional\proc\p18f2550.asm
                   ADRESH   0x000fc4       data     extern E:\3.45\pic18-lt\cxx-framework\src\traditional\proc\p18f2550.asm
                   ADRESL   0x000fc3       data     extern E:\3.45\pic18-lt\cxx-framework\src\traditional\proc\p18f2550.asm
                  BAUDCON   0x000fb8       data     extern E:\3.45\pic18-lt\cxx-framework\src\traditional\proc\p18f2550.asm
              BAUDCONbits   0x000fb8       data     extern E:\3.45\pic18-lt\cxx-framework\src\traditional\proc\p18f2550.asm
                  BAUDCTL   0x000fb8       data     extern E:\3.45\pic18-lt\cxx-framework\src\traditional\proc\p18f2550.asm
              BAUDCTLbits   0x000fb8       data     extern E:\3.45\pic18-lt\cxx-framework\src\traditional\proc\p18f2550.asm
                      BSR   0x000fe0       data     extern E:\3.45\pic18-lt\cxx-framework\src\traditional\proc\p18f2550.asm
                   CCP1AS   0x000fb6       data     extern E:\3.45\pic18-lt\cxx-framework\src\traditional\proc\p18f2550.asm
               CCP1ASbits   0x000fb6       data     extern E:\3.45\pic18-lt\cxx-framework\src\traditional\proc\p18f2550.asm
                  CCP1CON   0x000fbd       data     extern E:\3.45\pic18-lt\cxx-framework\src\traditional\proc\p18f2550.asm
              CCP1CONbits   0x000fbd       data     extern E:\3.45\pic18-lt\cxx-framework\src\traditional\proc\p18f2550.asm
                  CCP1DEL   0x000fb7       data     extern E:\3.45\pic18-lt\cxx-framework\src\traditional\proc\p18f2550.asm
              CCP1DELbits   0x000fb7       data     extern E:\3.45\pic18-lt\cxx-framework\src\traditional\proc\p18f2550.asm
                  CCP2CON   0x000fba       data     extern E:\3.45\pic18-lt\cxx-framework\src\traditional\proc\p18f2550.asm
              CCP2CONbits   0x000fba       data     extern E:\3.45\pic18-lt\cxx-framework\src\traditional\proc\p18f2550.asm
                    CCPR1   0x000fbe       data     extern E:\3.45\pic18-lt\cxx-framework\src\traditional\proc\p18f2550.asm
                   CCPR1H   0x000fbf       data     extern E:\3.45\pic18-lt\cxx-framework\src\traditional\proc\p18f2550.asm
                   CCPR1L   0x000fbe       data     extern E:\3.45\pic18-lt\cxx-framework\src\traditional\proc\p18f2550.asm
                    CCPR2   0x000fbb       data     extern E:\3.45\pic18-lt\cxx-framework\src\traditional\proc\p18f2550.asm
                   CCPR2H   0x000fbc       data     extern E:\3.45\pic18-lt\cxx-framework\src\traditional\proc\p18f2550.asm
                   CCPR2L   0x000fbb       data     extern E:\3.45\pic18-lt\cxx-framework\src\traditional\proc\p18f2550.asm
                    CMCON   0x000fb4       data     extern E:\3.45\pic18-lt\cxx-framework\src\traditional\proc\p18f2550.asm
                CMCONbits   0x000fb4       data     extern E:\3.45\pic18-lt\cxx-framework\src\traditional\proc\p18f2550.asm
                   CVRCON   0x000fb5       data     extern E:\3.45\pic18-lt\cxx-framework\src\traditional\proc\p18f2550.asm
               CVRCONbits   0x000fb5       data     extern E:\3.45\pic18-lt\cxx-framework\src\traditional\proc\p18f2550.asm
                     DDRA   0x000f92       data     extern E:\3.45\pic18-lt\cxx-framework\src\traditional\proc\p18f2550.asm
                 DDRAbits   0x000f92       data     extern E:\3.45\pic18-lt\cxx-framework\src\traditional\proc\p18f2550.asm
                     DDRB   0x000f93       data     extern E:\3.45\pic18-lt\cxx-framework\src\traditional\proc\p18f2550.asm
                 DDRBbits   0x000f93       data     extern E:\3.45\pic18-lt\cxx-framework\src\traditional\proc\p18f2550.asm
                     DDRC   0x000f94       data     extern E:\3.45\pic18-lt\cxx-framework\src\traditional\proc\p18f2550.asm
                 DDRCbits   0x000f94       data     extern E:\3.45\pic18-lt\cxx-framework\src\traditional\proc\p18f2550.asm
                  ECCP1AS   0x000fb6       data     extern E:\3.45\pic18-lt\cxx-framework\src\traditional\proc\p18f2550.asm
              ECCP1ASbits   0x000fb6       data     extern E:\3.45\pic18-lt\cxx-framework\src\traditional\proc\p18f2550.asm
                 ECCP1DEL   0x000fb7       data     extern E:\3.45\pic18-lt\cxx-framework\src\traditional\proc\p18f2550.asm
             ECCP1DELbits   0x000fb7       data     extern E:\3.45\pic18-lt\cxx-framework\src\traditional\proc\p18f2550.asm
                    EEADR   0x000fa9       data     extern E:\3.45\pic18-lt\cxx-framework\src\traditional\proc\p18f2550.asm
                   EECON1   0x000fa6       data     extern E:\3.45\pic18-lt\cxx-framework\src\traditional\proc\p18f2550.asm
               EECON1bits   0x000fa6       data     extern E:\3.45\pic18-lt\cxx-framework\src\traditional\proc\p18f2550.asm
                   EECON2   0x000fa7       data     extern E:\3.45\pic18-lt\cxx-framework\src\traditional\proc\p18f2550.asm
                   EEDATA   0x000fa8       data     extern E:\3.45\pic18-lt\cxx-framework\src\traditional\proc\p18f2550.asm
                     FSR0   0x000fe9       data     extern E:\3.45\pic18-lt\cxx-framework\src\traditional\proc\p18f2550.asm
                    FSR0H   0x000fea       data     extern E:\3.45\pic18-lt\cxx-framework\src\traditional\proc\p18f2550.asm
                    FSR0L   0x000fe9       data     extern E:\3.45\pic18-lt\cxx-framework\src\traditional\proc\p18f2550.asm
                     FSR1   0x000fe1       data     extern E:\3.45\pic18-lt\cxx-framework\src\traditional\proc\p18f2550.asm
                    FSR1H   0x000fe2       data     extern E:\3.45\pic18-lt\cxx-framework\src\traditional\proc\p18f2550.asm
                    FSR1L   0x000fe1       data     extern E:\3.45\pic18-lt\cxx-framework\src\traditional\proc\p18f2550.asm
                     FSR2   0x000fd9       data     extern E:\3.45\pic18-lt\cxx-framework\src\traditional\proc\p18f2550.asm
                    FSR2H   0x000fda       data     extern E:\3.45\pic18-lt\cxx-framework\src\traditional\proc\p18f2550.asm
                    FSR2L   0x000fd9       data     extern E:\3.45\pic18-lt\cxx-framework\src\traditional\proc\p18f2550.asm
                  HLVDCON   0x000fd2       data     extern E:\3.45\pic18-lt\cxx-framework\src\traditional\proc\p18f2550.asm
              HLVDCONbits   0x000fd2       data     extern E:\3.45\pic18-lt\cxx-framework\src\traditional\proc\p18f2550.asm
                    INDF0   0x000fef       data     extern E:\3.45\pic18-lt\cxx-framework\src\traditional\proc\p18f2550.asm
                    INDF1   0x000fe7       data     extern E:\3.45\pic18-lt\cxx-framework\src\traditional\proc\p18f2550.asm
                    INDF2   0x000fdf       data     extern E:\3.45\pic18-lt\cxx-framework\src\traditional\proc\p18f2550.asm
                   INTCON   0x000ff2       data     extern E:\3.45\pic18-lt\cxx-framework\src\traditional\proc\p18f2550.asm
                  INTCON2   0x000ff1       data     extern E:\3.45\pic18-lt\cxx-framework\src\traditional\proc\p18f2550.asm
              INTCON2bits   0x000ff1       data     extern E:\3.45\pic18-lt\cxx-framework\src\traditional\proc\p18f2550.asm
                  INTCON3   0x000ff0       data     extern E:\3.45\pic18-lt\cxx-framework\src\traditional\proc\p18f2550.asm
              INTCON3bits   0x000ff0       data     extern E:\3.45\pic18-lt\cxx-framework\src\traditional\proc\p18f2550.asm
               INTCONbits   0x000ff2       data     extern E:\3.45\pic18-lt\cxx-framework\src\traditional\proc\p18f2550.asm
                     IPR1   0x000f9f       data     extern E:\3.45\pic18-lt\cxx-framework\src\traditional\proc\p18f2550.asm
                 IPR1bits   0x000f9f       data     extern E:\3.45\pic18-lt\cxx-framework\src\traditional\proc\p18f2550.asm
                     IPR2   0x000fa2       data     extern E:\3.45\pic18-lt\cxx-framework\src\traditional\proc\p18f2550.asm
                 IPR2bits   0x000fa2       data     extern E:\3.45\pic18-lt\cxx-framework\src\traditional\proc\p18f2550.asm
                     LATA   0x000f89       data     extern E:\3.45\pic18-lt\cxx-framework\src\traditional\proc\p18f2550.asm
                 LATAbits   0x000f89       data     extern E:\3.45\pic18-lt\cxx-framework\src\traditional\proc\p18f2550.asm
                     LATB   0x000f8a       data     extern E:\3.45\pic18-lt\cxx-framework\src\traditional\proc\p18f2550.asm
                 LATBbits   0x000f8a       data     extern E:\3.45\pic18-lt\cxx-framework\src\traditional\proc\p18f2550.asm
                     LATC   0x000f8b       data     extern E:\3.45\pic18-lt\cxx-framework\src\traditional\proc\p18f2550.asm
                 LATCbits   0x000f8b       data     extern E:\3.45\pic18-lt\cxx-framework\src\traditional\proc\p18f2550.asm
                   LVDCON   0x000fd2       data     extern E:\3.45\pic18-lt\cxx-framework\src\traditional\proc\p18f2550.asm
               LVDCONbits   0x000fd2       data     extern E:\3.45\pic18-lt\cxx-framework\src\traditional\proc\p18f2550.asm
                   OSCCON   0x000fd3       data     extern E:\3.45\pic18-lt\cxx-framework\src\traditional\proc\p18f2550.asm
               OSCCONbits   0x000fd3       data     extern E:\3.45\pic18-lt\cxx-framework\src\traditional\proc\p18f2550.asm
                  OSCTUNE   0x000f9b       data     extern E:\3.45\pic18-lt\cxx-framework\src\traditional\proc\p18f2550.asm
              OSCTUNEbits   0x000f9b       data     extern E:\3.45\pic18-lt\cxx-framework\src\traditional\proc\p18f2550.asm
                       PC   0x000ff9       data     extern E:\3.45\pic18-lt\cxx-framework\src\traditional\proc\p18f2550.asm
                      PCL   0x000ff9       data     extern E:\3.45\pic18-lt\cxx-framework\src\traditional\proc\p18f2550.asm
                   PCLATH   0x000ffa       data     extern E:\3.45\pic18-lt\cxx-framework\src\traditional\proc\p18f2550.asm
                   PCLATU   0x000ffb       data     extern E:\3.45\pic18-lt\cxx-framework\src\traditional\proc\p18f2550.asm
                     PIE1   0x000f9d       data     extern E:\3.45\pic18-lt\cxx-framework\src\traditional\proc\p18f2550.asm
                 PIE1bits   0x000f9d       data     extern E:\3.45\pic18-lt\cxx-framework\src\traditional\proc\p18f2550.asm
                     PIE2   0x000fa0       data     extern E:\3.45\pic18-lt\cxx-framework\src\traditional\proc\p18f2550.asm
                 PIE2bits   0x000fa0       data     extern E:\3.45\pic18-lt\cxx-framework\src\traditional\proc\p18f2550.asm
                     PIR1   0x000f9e       data     extern E:\3.45\pic18-lt\cxx-framework\src\traditional\proc\p18f2550.asm
                 PIR1bits   0x000f9e       data     extern E:\3.45\pic18-lt\cxx-framework\src\traditional\proc\p18f2550.asm
                     PIR2   0x000fa1       data     extern E:\3.45\pic18-lt\cxx-framework\src\traditional\proc\p18f2550.asm
                 PIR2bits   0x000fa1       data     extern E:\3.45\pic18-lt\cxx-framework\src\traditional\proc\p18f2550.asm
                   PLUSW0   0x000feb       data     extern E:\3.45\pic18-lt\cxx-framework\src\traditional\proc\p18f2550.asm
                   PLUSW1   0x000fe3       data     extern E:\3.45\pic18-lt\cxx-framework\src\traditional\proc\p18f2550.asm
                   PLUSW2   0x000fdb       data     extern E:\3.45\pic18-lt\cxx-framework\src\traditional\proc\p18f2550.asm
                    PORTA   0x000f80       data     extern E:\3.45\pic18-lt\cxx-framework\src\traditional\proc\p18f2550.asm
                PORTAbits   0x000f80       data     extern E:\3.45\pic18-lt\cxx-framework\src\traditional\proc\p18f2550.asm
                    PORTB   0x000f81       data     extern E:\3.45\pic18-lt\cxx-framework\src\traditional\proc\p18f2550.asm
                PORTBbits   0x000f81       data     extern E:\3.45\pic18-lt\cxx-framework\src\traditional\proc\p18f2550.asm
                    PORTC   0x000f82       data     extern E:\3.45\pic18-lt\cxx-framework\src\traditional\proc\p18f2550.asm
                PORTCbits   0x000f82       data     extern E:\3.45\pic18-lt\cxx-framework\src\traditional\proc\p18f2550.asm
                    PORTE   0x000f84       data     extern E:\3.45\pic18-lt\cxx-framework\src\traditional\proc\p18f2550.asm
                PORTEbits   0x000f84       data     extern E:\3.45\pic18-lt\cxx-framework\src\traditional\proc\p18f2550.asm
                 POSTDEC0   0x000fed       data     extern E:\3.45\pic18-lt\cxx-framework\src\traditional\proc\p18f2550.asm
                 POSTDEC1   0x000fe5       data     extern E:\3.45\pic18-lt\cxx-framework\src\traditional\proc\p18f2550.asm
                 POSTDEC2   0x000fdd       data     extern E:\3.45\pic18-lt\cxx-framework\src\traditional\proc\p18f2550.asm
                 POSTINC0   0x000fee       data     extern E:\3.45\pic18-lt\cxx-framework\src\traditional\proc\p18f2550.asm
                 POSTINC1   0x000fe6       data     extern E:\3.45\pic18-lt\cxx-framework\src\traditional\proc\p18f2550.asm
                 POSTINC2   0x000fde       data     extern E:\3.45\pic18-lt\cxx-framework\src\traditional\proc\p18f2550.asm
                      PR2   0x000fcb       data     extern E:\3.45\pic18-lt\cxx-framework\src\traditional\proc\p18f2550.asm
                  PREINC0   0x000fec       data     extern E:\3.45\pic18-lt\cxx-framework\src\traditional\proc\p18f2550.asm
                  PREINC1   0x000fe4       data     extern E:\3.45\pic18-lt\cxx-framework\src\traditional\proc\p18f2550.asm
                  PREINC2   0x000fdc       data     extern E:\3.45\pic18-lt\cxx-framework\src\traditional\proc\p18f2550.asm
                     PROD   0x000ff3       data     extern E:\3.45\pic18-lt\cxx-framework\src\traditional\proc\p18f2550.asm
                    PRODH   0x000ff4       data     extern E:\3.45\pic18-lt\cxx-framework\src\traditional\proc\p18f2550.asm
                    PRODL   0x000ff3       data     extern E:\3.45\pic18-lt\cxx-framework\src\traditional\proc\p18f2550.asm
                     RCON   0x000fd0       data     extern E:\3.45\pic18-lt\cxx-framework\src\traditional\proc\p18f2550.asm
                 RCONbits   0x000fd0       data     extern E:\3.45\pic18-lt\cxx-framework\src\traditional\proc\p18f2550.asm
                    RCREG   0x000fae       data     extern E:\3.45\pic18-lt\cxx-framework\src\traditional\proc\p18f2550.asm
                    RCSTA   0x000fab       data     extern E:\3.45\pic18-lt\cxx-framework\src\traditional\proc\p18f2550.asm
                RCSTAbits   0x000fab       data     extern E:\3.45\pic18-lt\cxx-framework\src\traditional\proc\p18f2550.asm
                     SIGN   0x000004       data     extern E:\3.45\pic18-lt\cxx-framework\src\traditional\math\cmath18.asm
                    SPBRG   0x000faf       data     extern E:\3.45\pic18-lt\cxx-framework\src\traditional\proc\p18f2550.asm
                   SPBRGH   0x000fb0       data     extern E:\3.45\pic18-lt\cxx-framework\src\traditional\proc\p18f2550.asm
                   SSPADD   0x000fc8       data     extern E:\3.45\pic18-lt\cxx-framework\src\traditional\proc\p18f2550.asm
                   SSPBUF   0x000fc9       data     extern E:\3.45\pic18-lt\cxx-framework\src\traditional\proc\p18f2550.asm
                  SSPCON1   0x000fc6       data     extern E:\3.45\pic18-lt\cxx-framework\src\traditional\proc\p18f2550.asm
              SSPCON1bits   0x000fc6       data     extern E:\3.45\pic18-lt\cxx-framework\src\traditional\proc\p18f2550.asm
                  SSPCON2   0x000fc5       data     extern E:\3.45\pic18-lt\cxx-framework\src\traditional\proc\p18f2550.asm
              SSPCON2bits   0x000fc5       data     extern E:\3.45\pic18-lt\cxx-framework\src\traditional\proc\p18f2550.asm
                  SSPSTAT   0x000fc7       data     extern E:\3.45\pic18-lt\cxx-framework\src\traditional\proc\p18f2550.asm
              SSPSTATbits   0x000fc7       data     extern E:\3.45\pic18-lt\cxx-framework\src\traditional\proc\p18f2550.asm
                   STATUS   0x000fd8       data     extern E:\3.45\pic18-lt\cxx-framework\src\traditional\proc\p18f2550.asm
               STATUSbits   0x000fd8       data     extern E:\3.45\pic18-lt\cxx-framework\src\traditional\proc\p18f2550.asm
                   STKPTR   0x000ffc       data     extern E:\3.45\pic18-lt\cxx-framework\src\traditional\proc\p18f2550.asm
               STKPTRbits   0x000ffc       data     extern E:\3.45\pic18-lt\cxx-framework\src\traditional\proc\p18f2550.asm
                   Scroll   0x000060       data     extern G:\study\MPlabPIC_projects\Project rough cuts\Final 2550\final_2550.c
                    T0CON   0x000fd5       data     extern E:\3.45\pic18-lt\cxx-framework\src\traditional\proc\p18f2550.asm
                T0CONbits   0x000fd5       data     extern E:\3.45\pic18-lt\cxx-framework\src\traditional\proc\p18f2550.asm
                    T1CON   0x000fcd       data     extern E:\3.45\pic18-lt\cxx-framework\src\traditional\proc\p18f2550.asm
                T1CONbits   0x000fcd       data     extern E:\3.45\pic18-lt\cxx-framework\src\traditional\proc\p18f2550.asm
                    T2CON   0x000fca       data     extern E:\3.45\pic18-lt\cxx-framework\src\traditional\proc\p18f2550.asm
                T2CONbits   0x000fca       data     extern E:\3.45\pic18-lt\cxx-framework\src\traditional\proc\p18f2550.asm
                    T3CON   0x000fb1       data     extern E:\3.45\pic18-lt\cxx-framework\src\traditional\proc\p18f2550.asm
                T3CONbits   0x000fb1       data     extern E:\3.45\pic18-lt\cxx-framework\src\traditional\proc\p18f2550.asm
                   TABLAT   0x000ff5       data     extern E:\3.45\pic18-lt\cxx-framework\src\traditional\proc\p18f2550.asm
                   TBLPTR   0x000ff6       data     extern E:\3.45\pic18-lt\cxx-framework\src\traditional\proc\p18f2550.asm
                  TBLPTRH   0x000ff7       data     extern E:\3.45\pic18-lt\cxx-framework\src\traditional\proc\p18f2550.asm
                  TBLPTRL   0x000ff6       data     extern E:\3.45\pic18-lt\cxx-framework\src\traditional\proc\p18f2550.asm
                  TBLPTRU   0x000ff8       data     extern E:\3.45\pic18-lt\cxx-framework\src\traditional\proc\p18f2550.asm
                    TMR0H   0x000fd7       data     extern E:\3.45\pic18-lt\cxx-framework\src\traditional\proc\p18f2550.asm
                    TMR0L   0x000fd6       data     extern E:\3.45\pic18-lt\cxx-framework\src\traditional\proc\p18f2550.asm
                    TMR1H   0x000fcf       data     extern E:\3.45\pic18-lt\cxx-framework\src\traditional\proc\p18f2550.asm
                    TMR1L   0x000fce       data     extern E:\3.45\pic18-lt\cxx-framework\src\traditional\proc\p18f2550.asm
                     TMR2   0x000fcc       data     extern E:\3.45\pic18-lt\cxx-framework\src\traditional\proc\p18f2550.asm
                    TMR3H   0x000fb3       data     extern E:\3.45\pic18-lt\cxx-framework\src\traditional\proc\p18f2550.asm
                    TMR3L   0x000fb2       data     extern E:\3.45\pic18-lt\cxx-framework\src\traditional\proc\p18f2550.asm
                      TOS   0x000ffd       data     extern E:\3.45\pic18-lt\cxx-framework\src\traditional\proc\p18f2550.asm
                     TOSH   0x000ffe       data     extern E:\3.45\pic18-lt\cxx-framework\src\traditional\proc\p18f2550.asm
                     TOSL   0x000ffd       data     extern E:\3.45\pic18-lt\cxx-framework\src\traditional\proc\p18f2550.asm
                     TOSU   0x000fff       data     extern E:\3.45\pic18-lt\cxx-framework\src\traditional\proc\p18f2550.asm
                    TRISA   0x000f92       data     extern E:\3.45\pic18-lt\cxx-framework\src\traditional\proc\p18f2550.asm
                TRISAbits   0x000f92       data     extern E:\3.45\pic18-lt\cxx-framework\src\traditional\proc\p18f2550.asm
                    TRISB   0x000f93       data     extern E:\3.45\pic18-lt\cxx-framework\src\traditional\proc\p18f2550.asm
                TRISBbits   0x000f93       data     extern E:\3.45\pic18-lt\cxx-framework\src\traditional\proc\p18f2550.asm
                    TRISC   0x000f94       data     extern E:\3.45\pic18-lt\cxx-framework\src\traditional\proc\p18f2550.asm
                TRISCbits   0x000f94       data     extern E:\3.45\pic18-lt\cxx-framework\src\traditional\proc\p18f2550.asm
                    TXREG   0x000fad       data     extern E:\3.45\pic18-lt\cxx-framework\src\traditional\proc\p18f2550.asm
                    TXSTA   0x000fac       data     extern E:\3.45\pic18-lt\cxx-framework\src\traditional\proc\p18f2550.asm
                TXSTAbits   0x000fac       data     extern E:\3.45\pic18-lt\cxx-framework\src\traditional\proc\p18f2550.asm
                    UADDR   0x000f6e       data     extern E:\3.45\pic18-lt\cxx-framework\src\traditional\proc\p18f2550.asm
                UADDRbits   0x000f6e       data     extern E:\3.45\pic18-lt\cxx-framework\src\traditional\proc\p18f2550.asm
                     UCFG   0x000f6f       data     extern E:\3.45\pic18-lt\cxx-framework\src\traditional\proc\p18f2550.asm
                 UCFGbits   0x000f6f       data     extern E:\3.45\pic18-lt\cxx-framework\src\traditional\proc\p18f2550.asm
                     UCON   0x000f6d       data     extern E:\3.45\pic18-lt\cxx-framework\src\traditional\proc\p18f2550.asm
                 UCONbits   0x000f6d       data     extern E:\3.45\pic18-lt\cxx-framework\src\traditional\proc\p18f2550.asm
                     UEIE   0x000f6b       data     extern E:\3.45\pic18-lt\cxx-framework\src\traditional\proc\p18f2550.asm
                 UEIEbits   0x000f6b       data     extern E:\3.45\pic18-lt\cxx-framework\src\traditional\proc\p18f2550.asm
                     UEIR   0x000f6a       data     extern E:\3.45\pic18-lt\cxx-framework\src\traditional\proc\p18f2550.asm
                 UEIRbits   0x000f6a       data     extern E:\3.45\pic18-lt\cxx-framework\src\traditional\proc\p18f2550.asm
                     UEP0   0x000f70       data     extern E:\3.45\pic18-lt\cxx-framework\src\traditional\proc\p18f2550.asm
                 UEP0bits   0x000f70       data     extern E:\3.45\pic18-lt\cxx-framework\src\traditional\proc\p18f2550.asm
                     UEP1   0x000f71       data     extern E:\3.45\pic18-lt\cxx-framework\src\traditional\proc\p18f2550.asm
                    UEP10   0x000f7a       data     extern E:\3.45\pic18-lt\cxx-framework\src\traditional\proc\p18f2550.asm
                UEP10bits   0x000f7a       data     extern E:\3.45\pic18-lt\cxx-framework\src\traditional\proc\p18f2550.asm
                    UEP11   0x000f7b       data     extern E:\3.45\pic18-lt\cxx-framework\src\traditional\proc\p18f2550.asm
                UEP11bits   0x000f7b       data     extern E:\3.45\pic18-lt\cxx-framework\src\traditional\proc\p18f2550.asm
                    UEP12   0x000f7c       data     extern E:\3.45\pic18-lt\cxx-framework\src\traditional\proc\p18f2550.asm
                UEP12bits   0x000f7c       data     extern E:\3.45\pic18-lt\cxx-framework\src\traditional\proc\p18f2550.asm
                    UEP13   0x000f7d       data     extern E:\3.45\pic18-lt\cxx-framework\src\traditional\proc\p18f2550.asm
                UEP13bits   0x000f7d       data     extern E:\3.45\pic18-lt\cxx-framework\src\traditional\proc\p18f2550.asm
                    UEP14   0x000f7e       data     extern E:\3.45\pic18-lt\cxx-framework\src\traditional\proc\p18f2550.asm
                UEP14bits   0x000f7e       data     extern E:\3.45\pic18-lt\cxx-framework\src\traditional\proc\p18f2550.asm
                    UEP15   0x000f7f       data     extern E:\3.45\pic18-lt\cxx-framework\src\traditional\proc\p18f2550.asm
                UEP15bits   0x000f7f       data     extern E:\3.45\pic18-lt\cxx-framework\src\traditional\proc\p18f2550.asm
                 UEP1bits   0x000f71       data     extern E:\3.45\pic18-lt\cxx-framework\src\traditional\proc\p18f2550.asm
                     UEP2   0x000f72       data     extern E:\3.45\pic18-lt\cxx-framework\src\traditional\proc\p18f2550.asm
                 UEP2bits   0x000f72       data     extern E:\3.45\pic18-lt\cxx-framework\src\traditional\proc\p18f2550.asm
                     UEP3   0x000f73       data     extern E:\3.45\pic18-lt\cxx-framework\src\traditional\proc\p18f2550.asm
                 UEP3bits   0x000f73       data     extern E:\3.45\pic18-lt\cxx-framework\src\traditional\proc\p18f2550.asm
                     UEP4   0x000f74       data     extern E:\3.45\pic18-lt\cxx-framework\src\traditional\proc\p18f2550.asm
                 UEP4bits   0x000f74       data     extern E:\3.45\pic18-lt\cxx-framework\src\traditional\proc\p18f2550.asm
                     UEP5   0x000f75       data     extern E:\3.45\pic18-lt\cxx-framework\src\traditional\proc\p18f2550.asm
                 UEP5bits   0x000f75       data     extern E:\3.45\pic18-lt\cxx-framework\src\traditional\proc\p18f2550.asm
                     UEP6   0x000f76       data     extern E:\3.45\pic18-lt\cxx-framework\src\traditional\proc\p18f2550.asm
                 UEP6bits   0x000f76       data     extern E:\3.45\pic18-lt\cxx-framework\src\traditional\proc\p18f2550.asm
                     UEP7   0x000f77       data     extern E:\3.45\pic18-lt\cxx-framework\src\traditional\proc\p18f2550.asm
                 UEP7bits   0x000f77       data     extern E:\3.45\pic18-lt\cxx-framework\src\traditional\proc\p18f2550.asm
                     UEP8   0x000f78       data     extern E:\3.45\pic18-lt\cxx-framework\src\traditional\proc\p18f2550.asm
                 UEP8bits   0x000f78       data     extern E:\3.45\pic18-lt\cxx-framework\src\traditional\proc\p18f2550.asm
                     UEP9   0x000f79       data     extern E:\3.45\pic18-lt\cxx-framework\src\traditional\proc\p18f2550.asm
                 UEP9bits   0x000f79       data     extern E:\3.45\pic18-lt\cxx-framework\src\traditional\proc\p18f2550.asm
                     UFRM   0x000f66       data     extern E:\3.45\pic18-lt\cxx-framework\src\traditional\proc\p18f2550.asm
                    UFRMH   0x000f67       data     extern E:\3.45\pic18-lt\cxx-framework\src\traditional\proc\p18f2550.asm
                UFRMHbits   0x000f67       data     extern E:\3.45\pic18-lt\cxx-framework\src\traditional\proc\p18f2550.asm
                    UFRML   0x000f66       data     extern E:\3.45\pic18-lt\cxx-framework\src\traditional\proc\p18f2550.asm
                UFRMLbits   0x000f66       data     extern E:\3.45\pic18-lt\cxx-framework\src\traditional\proc\p18f2550.asm
                      UIE   0x000f69       data     extern E:\3.45\pic18-lt\cxx-framework\src\traditional\proc\p18f2550.asm
                  UIEbits   0x000f69       data     extern E:\3.45\pic18-lt\cxx-framework\src\traditional\proc\p18f2550.asm
                      UIR   0x000f68       data     extern E:\3.45\pic18-lt\cxx-framework\src\traditional\proc\p18f2550.asm
                  UIRbits   0x000f68       data     extern E:\3.45\pic18-lt\cxx-framework\src\traditional\proc\p18f2550.asm
                    USTAT   0x000f6c       data     extern E:\3.45\pic18-lt\cxx-framework\src\traditional\proc\p18f2550.asm
                USTATbits   0x000f6c       data     extern E:\3.45\pic18-lt\cxx-framework\src\traditional\proc\p18f2550.asm
                   WDTCON   0x000fd1       data     extern E:\3.45\pic18-lt\cxx-framework\src\traditional\proc\p18f2550.asm
               WDTCONbits   0x000fd1       data     extern E:\3.45\pic18-lt\cxx-framework\src\traditional\proc\p18f2550.asm
                     WREG   0x000fe8       data     extern E:\3.45\pic18-lt\cxx-framework\src\traditional\proc\p18f2550.asm
                __FPFLAGS   0x000005       data     extern E:\3.45\pic18-lt\cxx-framework\src\traditional\math\cmath18.asm
            __FPFLAGSbits   0x000005       data     extern E:\3.45\pic18-lt\cxx-framework\src\traditional\math\cmath18.asm
                  __tmp_0   0x000000       data     static G:\study\MPlabPIC_projects\Project rough cuts\Final 2550\final_2550.c
                curr_byte   0x0000cd       data     static E:\3.45\pic18-lt\cxx-framework\src\traditional\startup\c018i.c
               curr_entry   0x0000cf       data     static E:\3.45\pic18-lt\cxx-framework\src\traditional\startup\c018i.c
                 data_ptr   0x0000d1       data     static E:\3.45\pic18-lt\cxx-framework\src\traditional\startup\c018i.c
                     mode   0x0000d4       data     extern G:\study\MPlabPIC_projects\Project rough cuts\Final 2550\final_2550.c
                    mode1   0x000071       data     extern G:\study\MPlabPIC_projects\Project rough cuts\Final 2550\final_2550.c
                    mode2   0x000082       data     extern G:\study\MPlabPIC_projects\Project rough cuts\Final 2550\final_2550.c
                    mode3   0x000093       data     extern G:\study\MPlabPIC_projects\Project rough cuts\Final 2550\final_2550.c
                     prom   0x0000ca       data     static E:\3.45\pic18-lt\cxx-framework\src\traditional\startup\c018i.c
                      sit   0x0000c6       data     extern G:\study\MPlabPIC_projects\Project rough cuts\Final 2550\final_2550.c
                   sitmin   0x0000a4       data     extern G:\study\MPlabPIC_projects\Project rough cuts\Final 2550\final_2550.c
                    stand   0x0000c8       data     extern G:\study\MPlabPIC_projects\Project rough cuts\Final 2550\final_2550.c
                 standmin   0x0000b5       data     extern G:\study\MPlabPIC_projects\Project rough cuts\Final 2550\final_2550.c



                              Symbols - Sorted by Address
                     Name    Address   Location    Storage File                     
                ---------  ---------  ---------  --------- ---------                
                   _entry   0x000000    program     extern E:\3.45\pic18-lt\cxx-framework\src\traditional\startup\c018i.c
       ___return_lbl00000   0x000004    program     static                          
                 ms_delay   0x000014    program     extern G:\study\MPlabPIC_projects\Project rough cuts\Final 2550\lcd.h
               lcd_strobe   0x00008a    program     extern G:\study\MPlabPIC_projects\Project rough cuts\Final 2550\lcd.h
                  lcd_cmd   0x00009c    program     extern G:\study\MPlabPIC_projects\Project rough cuts\Final 2550\lcd.h
                 lcd_data   0x0000dc    program     extern G:\study\MPlabPIC_projects\Project rough cuts\Final 2550\lcd.h
                 lcd_init   0x00011c    program     extern G:\study\MPlabPIC_projects\Project rough cuts\Final 2550\lcd.h
               lcd_string   0x000164    program     extern G:\study\MPlabPIC_projects\Project rough cuts\Final 2550\lcd.h
               lcd_gotoxy   0x0001ba    program     extern G:\study\MPlabPIC_projects\Project rough cuts\Final 2550\lcd.h
                     main   0x0002b2    program     extern G:\study\MPlabPIC_projects\Project rough cuts\Final 2550\final_2550.c
                delay_sec   0x0002da    program     extern G:\study\MPlabPIC_projects\Project rough cuts\Final 2550\final_2550.c
                delay_min   0x000320    program     extern G:\study\MPlabPIC_projects\Project rough cuts\Final 2550\final_2550.c
                 mode_sel   0x00035c    program     extern G:\study\MPlabPIC_projects\Project rough cuts\Final 2550\final_2550.c
              manual_mode   0x00056a    program     extern G:\study\MPlabPIC_projects\Project rough cuts\Final 2550\final_2550.c
                auto_mode   0x0005f2    program     extern G:\study\MPlabPIC_projects\Project rough cuts\Final 2550\final_2550.c
               times_mode   0x00064c    program     extern G:\study\MPlabPIC_projects\Project rough cuts\Final 2550\final_2550.c
                input_sit   0x0006e4    program     extern G:\study\MPlabPIC_projects\Project rough cuts\Final 2550\final_2550.c
              input_stand   0x000804    program     extern G:\study\MPlabPIC_projects\Project rough cuts\Final 2550\final_2550.c
                check_ack   0x000936    program     extern G:\study\MPlabPIC_projects\Project rough cuts\Final 2550\final_2550.c
                     itoa   0x000954    program     extern E:\3.45\pic18-lt\cxx-framework\src\traditional\stdclib\itoa.asm
                jTstSign1   0x000980    program     static E:\3.45\pic18-lt\cxx-framework\src\traditional\stdclib\itoa.asm
                     jDo5   0x0009ca    program     static E:\3.45\pic18-lt\cxx-framework\src\traditional\stdclib\itoa.asm
                     jDo4   0x0009ce    program     static E:\3.45\pic18-lt\cxx-framework\src\traditional\stdclib\itoa.asm
                     jDo3   0x0009d2    program     static E:\3.45\pic18-lt\cxx-framework\src\traditional\stdclib\itoa.asm
                     jDo2   0x0009d6    program     static E:\3.45\pic18-lt\cxx-framework\src\traditional\stdclib\itoa.asm
                     jDo1   0x0009da    program     static E:\3.45\pic18-lt\cxx-framework\src\traditional\stdclib\itoa.asm
                 TstUpper   0x000a0e    program     static E:\3.45\pic18-lt\cxx-framework\src\traditional\stdclib\itoa.asm
                 TstLower   0x000a14    program     static E:\3.45\pic18-lt\cxx-framework\src\traditional\stdclib\itoa.asm
                jTstLowZ1   0x000a1e    program     static E:\3.45\pic18-lt\cxx-framework\src\traditional\stdclib\itoa.asm
                ProcUpper   0x000a20    program     static E:\3.45\pic18-lt\cxx-framework\src\traditional\stdclib\itoa.asm
                ProcLower   0x000a2a    program     static E:\3.45\pic18-lt\cxx-framework\src\traditional\stdclib\itoa.asm
                   itoBCD   0x000a34    program     extern E:\3.45\pic18-lt\cxx-framework\src\traditional\stdclib\itobcd.asm
                    jLoop   0x000a4c    program     static E:\3.45\pic18-lt\cxx-framework\src\traditional\stdclib\itobcd.asm
                     jEnd   0x000a72    program     static E:\3.45\pic18-lt\cxx-framework\src\traditional\stdclib\itobcd.asm
                  OneByte   0x000a76    program     static E:\3.45\pic18-lt\cxx-framework\src\traditional\stdclib\itobcd.asm
                _do_cinit   0x000a88    program     extern E:\3.45\pic18-lt\cxx-framework\src\traditional\startup\c018i.c
                     test   0x000aa2    program     static                          
                copy_loop   0x000afa    program     static                          
            copy_one_byte   0x000b00    program     static                          
             done_copying   0x000b0e    program     static                          
                     done   0x000b24    program     static                          
       ___return_lbl00002   0x000b24    program     static                          
            __zero_memory   0x000b26    program     extern E:\3.45\pic18-lt\cxx-framework\src\traditional\proc\p18f2550.asm
               zero_block   0x000b34    program     static E:\3.45\pic18-lt\cxx-framework\src\traditional\proc\p18f2550.asm
                   loop_h   0x000b34    program     static E:\3.45\pic18-lt\cxx-framework\src\traditional\proc\p18f2550.asm
                compare_l   0x000b3c    program     static E:\3.45\pic18-lt\cxx-framework\src\traditional\proc\p18f2550.asm
                   loop_l   0x000b3e    program     static E:\3.45\pic18-lt\cxx-framework\src\traditional\proc\p18f2550.asm
                 _startup   0x000b46    program     extern E:\3.45\pic18-lt\cxx-framework\src\traditional\startup\c018i.c
                     loop   0x000b56    program     static                          
       ___return_lbl00001   0x000b60    program     static                          
                   __init   0x000b62    program     extern E:\3.45\pic18-lt\cxx-framework\src\traditional\stdclib\__init.c
                  __tmp_0   0x000000       data     static G:\study\MPlabPIC_projects\Project rough cuts\Final 2550\final_2550.c
                     SIGN   0x000004       data     extern E:\3.45\pic18-lt\cxx-framework\src\traditional\math\cmath18.asm
                __FPFLAGS   0x000005       data     extern E:\3.45\pic18-lt\cxx-framework\src\traditional\math\cmath18.asm
            __FPFLAGSbits   0x000005       data     extern E:\3.45\pic18-lt\cxx-framework\src\traditional\math\cmath18.asm
                   Scroll   0x000060       data     extern G:\study\MPlabPIC_projects\Project rough cuts\Final 2550\final_2550.c
                    mode1   0x000071       data     extern G:\study\MPlabPIC_projects\Project rough cuts\Final 2550\final_2550.c
                    mode2   0x000082       data     extern G:\study\MPlabPIC_projects\Project rough cuts\Final 2550\final_2550.c
                    mode3   0x000093       data     extern G:\study\MPlabPIC_projects\Project rough cuts\Final 2550\final_2550.c
                   sitmin   0x0000a4       data     extern G:\study\MPlabPIC_projects\Project rough cuts\Final 2550\final_2550.c
                 standmin   0x0000b5       data     extern G:\study\MPlabPIC_projects\Project rough cuts\Final 2550\final_2550.c
                      sit   0x0000c6       data     extern G:\study\MPlabPIC_projects\Project rough cuts\Final 2550\final_2550.c
                    stand   0x0000c8       data     extern G:\study\MPlabPIC_projects\Project rough cuts\Final 2550\final_2550.c
                     prom   0x0000ca       data     static E:\3.45\pic18-lt\cxx-framework\src\traditional\startup\c018i.c
                curr_byte   0x0000cd       data     static E:\3.45\pic18-lt\cxx-framework\src\traditional\startup\c018i.c
               curr_entry   0x0000cf       data     static E:\3.45\pic18-lt\cxx-framework\src\traditional\startup\c018i.c
                 data_ptr   0x0000d1       data     static E:\3.45\pic18-lt\cxx-framework\src\traditional\startup\c018i.c
                     mode   0x0000d4       data     extern G:\study\MPlabPIC_projects\Project rough cuts\Final 2550\final_2550.c
                     UFRM   0x000f66       data     extern E:\3.45\pic18-lt\cxx-framework\src\traditional\proc\p18f2550.asm
                    UFRML   0x000f66       data     extern E:\3.45\pic18-lt\cxx-framework\src\traditional\proc\p18f2550.asm
                UFRMLbits   0x000f66       data     extern E:\3.45\pic18-lt\cxx-framework\src\traditional\proc\p18f2550.asm
                    UFRMH   0x000f67       data     extern E:\3.45\pic18-lt\cxx-framework\src\traditional\proc\p18f2550.asm
                UFRMHbits   0x000f67       data     extern E:\3.45\pic18-lt\cxx-framework\src\traditional\proc\p18f2550.asm
                      UIR   0x000f68       data     extern E:\3.45\pic18-lt\cxx-framework\src\traditional\proc\p18f2550.asm
                  UIRbits   0x000f68       data     extern E:\3.45\pic18-lt\cxx-framework\src\traditional\proc\p18f2550.asm
                      UIE   0x000f69       data     extern E:\3.45\pic18-lt\cxx-framework\src\traditional\proc\p18f2550.asm
                  UIEbits   0x000f69       data     extern E:\3.45\pic18-lt\cxx-framework\src\traditional\proc\p18f2550.asm
                 UEIRbits   0x000f6a       data     extern E:\3.45\pic18-lt\cxx-framework\src\traditional\proc\p18f2550.asm
                     UEIR   0x000f6a       data     extern E:\3.45\pic18-lt\cxx-framework\src\traditional\proc\p18f2550.asm
                 UEIEbits   0x000f6b       data     extern E:\3.45\pic18-lt\cxx-framework\src\traditional\proc\p18f2550.asm
                     UEIE   0x000f6b       data     extern E:\3.45\pic18-lt\cxx-framework\src\traditional\proc\p18f2550.asm
                    USTAT   0x000f6c       data     extern E:\3.45\pic18-lt\cxx-framework\src\traditional\proc\p18f2550.asm
                USTATbits   0x000f6c       data     extern E:\3.45\pic18-lt\cxx-framework\src\traditional\proc\p18f2550.asm
                 UCONbits   0x000f6d       data     extern E:\3.45\pic18-lt\cxx-framework\src\traditional\proc\p18f2550.asm
                     UCON   0x000f6d       data     extern E:\3.45\pic18-lt\cxx-framework\src\traditional\proc\p18f2550.asm
                    UADDR   0x000f6e       data     extern E:\3.45\pic18-lt\cxx-framework\src\traditional\proc\p18f2550.asm
                UADDRbits   0x000f6e       data     extern E:\3.45\pic18-lt\cxx-framework\src\traditional\proc\p18f2550.asm
                 UCFGbits   0x000f6f       data     extern E:\3.45\pic18-lt\cxx-framework\src\traditional\proc\p18f2550.asm
                     UCFG   0x000f6f       data     extern E:\3.45\pic18-lt\cxx-framework\src\traditional\proc\p18f2550.asm
                 UEP0bits   0x000f70       data     extern E:\3.45\pic18-lt\cxx-framework\src\traditional\proc\p18f2550.asm
                     UEP0   0x000f70       data     extern E:\3.45\pic18-lt\cxx-framework\src\traditional\proc\p18f2550.asm
                     UEP1   0x000f71       data     extern E:\3.45\pic18-lt\cxx-framework\src\traditional\proc\p18f2550.asm
                 UEP1bits   0x000f71       data     extern E:\3.45\pic18-lt\cxx-framework\src\traditional\proc\p18f2550.asm
                     UEP2   0x000f72       data     extern E:\3.45\pic18-lt\cxx-framework\src\traditional\proc\p18f2550.asm
                 UEP2bits   0x000f72       data     extern E:\3.45\pic18-lt\cxx-framework\src\traditional\proc\p18f2550.asm
                     UEP3   0x000f73       data     extern E:\3.45\pic18-lt\cxx-framework\src\traditional\proc\p18f2550.asm
                 UEP3bits   0x000f73       data     extern E:\3.45\pic18-lt\cxx-framework\src\traditional\proc\p18f2550.asm
                 UEP4bits   0x000f74       data     extern E:\3.45\pic18-lt\cxx-framework\src\traditional\proc\p18f2550.asm
                     UEP4   0x000f74       data     extern E:\3.45\pic18-lt\cxx-framework\src\traditional\proc\p18f2550.asm
                     UEP5   0x000f75       data     extern E:\3.45\pic18-lt\cxx-framework\src\traditional\proc\p18f2550.asm
                 UEP5bits   0x000f75       data     extern E:\3.45\pic18-lt\cxx-framework\src\traditional\proc\p18f2550.asm
                 UEP6bits   0x000f76       data     extern E:\3.45\pic18-lt\cxx-framework\src\traditional\proc\p18f2550.asm
                     UEP6   0x000f76       data     extern E:\3.45\pic18-lt\cxx-framework\src\traditional\proc\p18f2550.asm
                 UEP7bits   0x000f77       data     extern E:\3.45\pic18-lt\cxx-framework\src\traditional\proc\p18f2550.asm
                     UEP7   0x000f77       data     extern E:\3.45\pic18-lt\cxx-framework\src\traditional\proc\p18f2550.asm
                 UEP8bits   0x000f78       data     extern E:\3.45\pic18-lt\cxx-framework\src\traditional\proc\p18f2550.asm
                     UEP8   0x000f78       data     extern E:\3.45\pic18-lt\cxx-framework\src\traditional\proc\p18f2550.asm
                 UEP9bits   0x000f79       data     extern E:\3.45\pic18-lt\cxx-framework\src\traditional\proc\p18f2550.asm
                     UEP9   0x000f79       data     extern E:\3.45\pic18-lt\cxx-framework\src\traditional\proc\p18f2550.asm
                    UEP10   0x000f7a       data     extern E:\3.45\pic18-lt\cxx-framework\src\traditional\proc\p18f2550.asm
                UEP10bits   0x000f7a       data     extern E:\3.45\pic18-lt\cxx-framework\src\traditional\proc\p18f2550.asm
                UEP11bits   0x000f7b       data     extern E:\3.45\pic18-lt\cxx-framework\src\traditional\proc\p18f2550.asm
                    UEP11   0x000f7b       data     extern E:\3.45\pic18-lt\cxx-framework\src\traditional\proc\p18f2550.asm
                UEP12bits   0x000f7c       data     extern E:\3.45\pic18-lt\cxx-framework\src\traditional\proc\p18f2550.asm
                    UEP12   0x000f7c       data     extern E:\3.45\pic18-lt\cxx-framework\src\traditional\proc\p18f2550.asm
                    UEP13   0x000f7d       data     extern E:\3.45\pic18-lt\cxx-framework\src\traditional\proc\p18f2550.asm
                UEP13bits   0x000f7d       data     extern E:\3.45\pic18-lt\cxx-framework\src\traditional\proc\p18f2550.asm
                    UEP14   0x000f7e       data     extern E:\3.45\pic18-lt\cxx-framework\src\traditional\proc\p18f2550.asm
                UEP14bits   0x000f7e       data     extern E:\3.45\pic18-lt\cxx-framework\src\traditional\proc\p18f2550.asm
                UEP15bits   0x000f7f       data     extern E:\3.45\pic18-lt\cxx-framework\src\traditional\proc\p18f2550.asm
                    UEP15   0x000f7f       data     extern E:\3.45\pic18-lt\cxx-framework\src\traditional\proc\p18f2550.asm
                PORTAbits   0x000f80       data     extern E:\3.45\pic18-lt\cxx-framework\src\traditional\proc\p18f2550.asm
                    PORTA   0x000f80       data     extern E:\3.45\pic18-lt\cxx-framework\src\traditional\proc\p18f2550.asm
                PORTBbits   0x000f81       data     extern E:\3.45\pic18-lt\cxx-framework\src\traditional\proc\p18f2550.asm
                    PORTB   0x000f81       data     extern E:\3.45\pic18-lt\cxx-framework\src\traditional\proc\p18f2550.asm
                PORTCbits   0x000f82       data     extern E:\3.45\pic18-lt\cxx-framework\src\traditional\proc\p18f2550.asm
                    PORTC   0x000f82       data     extern E:\3.45\pic18-lt\cxx-framework\src\traditional\proc\p18f2550.asm
                    PORTE   0x000f84       data     extern E:\3.45\pic18-lt\cxx-framework\src\traditional\proc\p18f2550.asm
                PORTEbits   0x000f84       data     extern E:\3.45\pic18-lt\cxx-framework\src\traditional\proc\p18f2550.asm
                     LATA   0x000f89       data     extern E:\3.45\pic18-lt\cxx-framework\src\traditional\proc\p18f2550.asm
                 LATAbits   0x000f89       data     extern E:\3.45\pic18-lt\cxx-framework\src\traditional\proc\p18f2550.asm
                 LATBbits   0x000f8a       data     extern E:\3.45\pic18-lt\cxx-framework\src\traditional\proc\p18f2550.asm
                     LATB   0x000f8a       data     extern E:\3.45\pic18-lt\cxx-framework\src\traditional\proc\p18f2550.asm
                 LATCbits   0x000f8b       data     extern E:\3.45\pic18-lt\cxx-framework\src\traditional\proc\p18f2550.asm
                     LATC   0x000f8b       data     extern E:\3.45\pic18-lt\cxx-framework\src\traditional\proc\p18f2550.asm
                    TRISA   0x000f92       data     extern E:\3.45\pic18-lt\cxx-framework\src\traditional\proc\p18f2550.asm
                     DDRA   0x000f92       data     extern E:\3.45\pic18-lt\cxx-framework\src\traditional\proc\p18f2550.asm
                 DDRAbits   0x000f92       data     extern E:\3.45\pic18-lt\cxx-framework\src\traditional\proc\p18f2550.asm
                TRISAbits   0x000f92       data     extern E:\3.45\pic18-lt\cxx-framework\src\traditional\proc\p18f2550.asm
                 DDRBbits   0x000f93       data     extern E:\3.45\pic18-lt\cxx-framework\src\traditional\proc\p18f2550.asm
                     DDRB   0x000f93       data     extern E:\3.45\pic18-lt\cxx-framework\src\traditional\proc\p18f2550.asm
                TRISBbits   0x000f93       data     extern E:\3.45\pic18-lt\cxx-framework\src\traditional\proc\p18f2550.asm
                    TRISB   0x000f93       data     extern E:\3.45\pic18-lt\cxx-framework\src\traditional\proc\p18f2550.asm
                TRISCbits   0x000f94       data     extern E:\3.45\pic18-lt\cxx-framework\src\traditional\proc\p18f2550.asm
                 DDRCbits   0x000f94       data     extern E:\3.45\pic18-lt\cxx-framework\src\traditional\proc\p18f2550.asm
                     DDRC   0x000f94       data     extern E:\3.45\pic18-lt\cxx-framework\src\traditional\proc\p18f2550.asm
                    TRISC   0x000f94       data     extern E:\3.45\pic18-lt\cxx-framework\src\traditional\proc\p18f2550.asm
              OSCTUNEbits   0x000f9b       data     extern E:\3.45\pic18-lt\cxx-framework\src\traditional\proc\p18f2550.asm
                  OSCTUNE   0x000f9b       data     extern E:\3.45\pic18-lt\cxx-framework\src\traditional\proc\p18f2550.asm
                 PIE1bits   0x000f9d       data     extern E:\3.45\pic18-lt\cxx-framework\src\traditional\proc\p18f2550.asm
                     PIE1   0x000f9d       data     extern E:\3.45\pic18-lt\cxx-framework\src\traditional\proc\p18f2550.asm
                     PIR1   0x000f9e       data     extern E:\3.45\pic18-lt\cxx-framework\src\traditional\proc\p18f2550.asm
                 PIR1bits   0x000f9e       data     extern E:\3.45\pic18-lt\cxx-framework\src\traditional\proc\p18f2550.asm
                 IPR1bits   0x000f9f       data     extern E:\3.45\pic18-lt\cxx-framework\src\traditional\proc\p18f2550.asm
                     IPR1   0x000f9f       data     extern E:\3.45\pic18-lt\cxx-framework\src\traditional\proc\p18f2550.asm
                 PIE2bits   0x000fa0       data     extern E:\3.45\pic18-lt\cxx-framework\src\traditional\proc\p18f2550.asm
                     PIE2   0x000fa0       data     extern E:\3.45\pic18-lt\cxx-framework\src\traditional\proc\p18f2550.asm
                 PIR2bits   0x000fa1       data     extern E:\3.45\pic18-lt\cxx-framework\src\traditional\proc\p18f2550.asm
                     PIR2   0x000fa1       data     extern E:\3.45\pic18-lt\cxx-framework\src\traditional\proc\p18f2550.asm
                 IPR2bits   0x000fa2       data     extern E:\3.45\pic18-lt\cxx-framework\src\traditional\proc\p18f2550.asm
                     IPR2   0x000fa2       data     extern E:\3.45\pic18-lt\cxx-framework\src\traditional\proc\p18f2550.asm
                   EECON1   0x000fa6       data     extern E:\3.45\pic18-lt\cxx-framework\src\traditional\proc\p18f2550.asm
               EECON1bits   0x000fa6       data     extern E:\3.45\pic18-lt\cxx-framework\src\traditional\proc\p18f2550.asm
                   EECON2   0x000fa7       data     extern E:\3.45\pic18-lt\cxx-framework\src\traditional\proc\p18f2550.asm
                   EEDATA   0x000fa8       data     extern E:\3.45\pic18-lt\cxx-framework\src\traditional\proc\p18f2550.asm
                    EEADR   0x000fa9       data     extern E:\3.45\pic18-lt\cxx-framework\src\traditional\proc\p18f2550.asm
                RCSTAbits   0x000fab       data     extern E:\3.45\pic18-lt\cxx-framework\src\traditional\proc\p18f2550.asm
                    RCSTA   0x000fab       data     extern E:\3.45\pic18-lt\cxx-framework\src\traditional\proc\p18f2550.asm
                    TXSTA   0x000fac       data     extern E:\3.45\pic18-lt\cxx-framework\src\traditional\proc\p18f2550.asm
                TXSTAbits   0x000fac       data     extern E:\3.45\pic18-lt\cxx-framework\src\traditional\proc\p18f2550.asm
                    TXREG   0x000fad       data     extern E:\3.45\pic18-lt\cxx-framework\src\traditional\proc\p18f2550.asm
                    RCREG   0x000fae       data     extern E:\3.45\pic18-lt\cxx-framework\src\traditional\proc\p18f2550.asm
                    SPBRG   0x000faf       data     extern E:\3.45\pic18-lt\cxx-framework\src\traditional\proc\p18f2550.asm
                   SPBRGH   0x000fb0       data     extern E:\3.45\pic18-lt\cxx-framework\src\traditional\proc\p18f2550.asm
                T3CONbits   0x000fb1       data     extern E:\3.45\pic18-lt\cxx-framework\src\traditional\proc\p18f2550.asm
                    T3CON   0x000fb1       data     extern E:\3.45\pic18-lt\cxx-framework\src\traditional\proc\p18f2550.asm
                    TMR3L   0x000fb2       data     extern E:\3.45\pic18-lt\cxx-framework\src\traditional\proc\p18f2550.asm
                    TMR3H   0x000fb3       data     extern E:\3.45\pic18-lt\cxx-framework\src\traditional\proc\p18f2550.asm
                CMCONbits   0x000fb4       data     extern E:\3.45\pic18-lt\cxx-framework\src\traditional\proc\p18f2550.asm
                    CMCON   0x000fb4       data     extern E:\3.45\pic18-lt\cxx-framework\src\traditional\proc\p18f2550.asm
               CVRCONbits   0x000fb5       data     extern E:\3.45\pic18-lt\cxx-framework\src\traditional\proc\p18f2550.asm
                   CVRCON   0x000fb5       data     extern E:\3.45\pic18-lt\cxx-framework\src\traditional\proc\p18f2550.asm
                   CCP1AS   0x000fb6       data     extern E:\3.45\pic18-lt\cxx-framework\src\traditional\proc\p18f2550.asm
              ECCP1ASbits   0x000fb6       data     extern E:\3.45\pic18-lt\cxx-framework\src\traditional\proc\p18f2550.asm
                  ECCP1AS   0x000fb6       data     extern E:\3.45\pic18-lt\cxx-framework\src\traditional\proc\p18f2550.asm
               CCP1ASbits   0x000fb6       data     extern E:\3.45\pic18-lt\cxx-framework\src\traditional\proc\p18f2550.asm
                  CCP1DEL   0x000fb7       data     extern E:\3.45\pic18-lt\cxx-framework\src\traditional\proc\p18f2550.asm
              CCP1DELbits   0x000fb7       data     extern E:\3.45\pic18-lt\cxx-framework\src\traditional\proc\p18f2550.asm
                 ECCP1DEL   0x000fb7       data     extern E:\3.45\pic18-lt\cxx-framework\src\traditional\proc\p18f2550.asm
             ECCP1DELbits   0x000fb7       data     extern E:\3.45\pic18-lt\cxx-framework\src\traditional\proc\p18f2550.asm
                  BAUDCON   0x000fb8       data     extern E:\3.45\pic18-lt\cxx-framework\src\traditional\proc\p18f2550.asm
              BAUDCONbits   0x000fb8       data     extern E:\3.45\pic18-lt\cxx-framework\src\traditional\proc\p18f2550.asm
                  BAUDCTL   0x000fb8       data     extern E:\3.45\pic18-lt\cxx-framework\src\traditional\proc\p18f2550.asm
              BAUDCTLbits   0x000fb8       data     extern E:\3.45\pic18-lt\cxx-framework\src\traditional\proc\p18f2550.asm
                  CCP2CON   0x000fba       data     extern E:\3.45\pic18-lt\cxx-framework\src\traditional\proc\p18f2550.asm
              CCP2CONbits   0x000fba       data     extern E:\3.45\pic18-lt\cxx-framework\src\traditional\proc\p18f2550.asm
                    CCPR2   0x000fbb       data     extern E:\3.45\pic18-lt\cxx-framework\src\traditional\proc\p18f2550.asm
                   CCPR2L   0x000fbb       data     extern E:\3.45\pic18-lt\cxx-framework\src\traditional\proc\p18f2550.asm
                   CCPR2H   0x000fbc       data     extern E:\3.45\pic18-lt\cxx-framework\src\traditional\proc\p18f2550.asm
              CCP1CONbits   0x000fbd       data     extern E:\3.45\pic18-lt\cxx-framework\src\traditional\proc\p18f2550.asm
                  CCP1CON   0x000fbd       data     extern E:\3.45\pic18-lt\cxx-framework\src\traditional\proc\p18f2550.asm
                    CCPR1   0x000fbe       data     extern E:\3.45\pic18-lt\cxx-framework\src\traditional\proc\p18f2550.asm
                   CCPR1L   0x000fbe       data     extern E:\3.45\pic18-lt\cxx-framework\src\traditional\proc\p18f2550.asm
                   CCPR1H   0x000fbf       data     extern E:\3.45\pic18-lt\cxx-framework\src\traditional\proc\p18f2550.asm
                   ADCON2   0x000fc0       data     extern E:\3.45\pic18-lt\cxx-framework\src\traditional\proc\p18f2550.asm
               ADCON2bits   0x000fc0       data     extern E:\3.45\pic18-lt\cxx-framework\src\traditional\proc\p18f2550.asm
                   ADCON1   0x000fc1       data     extern E:\3.45\pic18-lt\cxx-framework\src\traditional\proc\p18f2550.asm
               ADCON1bits   0x000fc1       data     extern E:\3.45\pic18-lt\cxx-framework\src\traditional\proc\p18f2550.asm
               ADCON0bits   0x000fc2       data     extern E:\3.45\pic18-lt\cxx-framework\src\traditional\proc\p18f2550.asm
                   ADCON0   0x000fc2       data     extern E:\3.45\pic18-lt\cxx-framework\src\traditional\proc\p18f2550.asm
                   ADRESL   0x000fc3       data     extern E:\3.45\pic18-lt\cxx-framework\src\traditional\proc\p18f2550.asm
                    ADRES   0x000fc3       data     extern E:\3.45\pic18-lt\cxx-framework\src\traditional\proc\p18f2550.asm
                   ADRESH   0x000fc4       data     extern E:\3.45\pic18-lt\cxx-framework\src\traditional\proc\p18f2550.asm
              SSPCON2bits   0x000fc5       data     extern E:\3.45\pic18-lt\cxx-framework\src\traditional\proc\p18f2550.asm
                  SSPCON2   0x000fc5       data     extern E:\3.45\pic18-lt\cxx-framework\src\traditional\proc\p18f2550.asm
              SSPCON1bits   0x000fc6       data     extern E:\3.45\pic18-lt\cxx-framework\src\traditional\proc\p18f2550.asm
                  SSPCON1   0x000fc6       data     extern E:\3.45\pic18-lt\cxx-framework\src\traditional\proc\p18f2550.asm
              SSPSTATbits   0x000fc7       data     extern E:\3.45\pic18-lt\cxx-framework\src\traditional\proc\p18f2550.asm
                  SSPSTAT   0x000fc7       data     extern E:\3.45\pic18-lt\cxx-framework\src\traditional\proc\p18f2550.asm
                   SSPADD   0x000fc8       data     extern E:\3.45\pic18-lt\cxx-framework\src\traditional\proc\p18f2550.asm
                   SSPBUF   0x000fc9       data     extern E:\3.45\pic18-lt\cxx-framework\src\traditional\proc\p18f2550.asm
                T2CONbits   0x000fca       data     extern E:\3.45\pic18-lt\cxx-framework\src\traditional\proc\p18f2550.asm
                    T2CON   0x000fca       data     extern E:\3.45\pic18-lt\cxx-framework\src\traditional\proc\p18f2550.asm
                      PR2   0x000fcb       data     extern E:\3.45\pic18-lt\cxx-framework\src\traditional\proc\p18f2550.asm
                     TMR2   0x000fcc       data     extern E:\3.45\pic18-lt\cxx-framework\src\traditional\proc\p18f2550.asm
                T1CONbits   0x000fcd       data     extern E:\3.45\pic18-lt\cxx-framework\src\traditional\proc\p18f2550.asm
                    T1CON   0x000fcd       data     extern E:\3.45\pic18-lt\cxx-framework\src\traditional\proc\p18f2550.asm
                    TMR1L   0x000fce       data     extern E:\3.45\pic18-lt\cxx-framework\src\traditional\proc\p18f2550.asm
                    TMR1H   0x000fcf       data     extern E:\3.45\pic18-lt\cxx-framework\src\traditional\proc\p18f2550.asm
                 RCONbits   0x000fd0       data     extern E:\3.45\pic18-lt\cxx-framework\src\traditional\proc\p18f2550.asm
                     RCON   0x000fd0       data     extern E:\3.45\pic18-lt\cxx-framework\src\traditional\proc\p18f2550.asm
                   WDTCON   0x000fd1       data     extern E:\3.45\pic18-lt\cxx-framework\src\traditional\proc\p18f2550.asm
               WDTCONbits   0x000fd1       data     extern E:\3.45\pic18-lt\cxx-framework\src\traditional\proc\p18f2550.asm
               LVDCONbits   0x000fd2       data     extern E:\3.45\pic18-lt\cxx-framework\src\traditional\proc\p18f2550.asm
                   LVDCON   0x000fd2       data     extern E:\3.45\pic18-lt\cxx-framework\src\traditional\proc\p18f2550.asm
                  HLVDCON   0x000fd2       data     extern E:\3.45\pic18-lt\cxx-framework\src\traditional\proc\p18f2550.asm
              HLVDCONbits   0x000fd2       data     extern E:\3.45\pic18-lt\cxx-framework\src\traditional\proc\p18f2550.asm
                   OSCCON   0x000fd3       data     extern E:\3.45\pic18-lt\cxx-framework\src\traditional\proc\p18f2550.asm
               OSCCONbits   0x000fd3       data     extern E:\3.45\pic18-lt\cxx-framework\src\traditional\proc\p18f2550.asm
                    T0CON   0x000fd5       data     extern E:\3.45\pic18-lt\cxx-framework\src\traditional\proc\p18f2550.asm
                T0CONbits   0x000fd5       data     extern E:\3.45\pic18-lt\cxx-framework\src\traditional\proc\p18f2550.asm
                    TMR0L   0x000fd6       data     extern E:\3.45\pic18-lt\cxx-framework\src\traditional\proc\p18f2550.asm
                    TMR0H   0x000fd7       data     extern E:\3.45\pic18-lt\cxx-framework\src\traditional\proc\p18f2550.asm
                   STATUS   0x000fd8       data     extern E:\3.45\pic18-lt\cxx-framework\src\traditional\proc\p18f2550.asm
               STATUSbits   0x000fd8       data     extern E:\3.45\pic18-lt\cxx-framework\src\traditional\proc\p18f2550.asm
                    FSR2L   0x000fd9       data     extern E:\3.45\pic18-lt\cxx-framework\src\traditional\proc\p18f2550.asm
                     FSR2   0x000fd9       data     extern E:\3.45\pic18-lt\cxx-framework\src\traditional\proc\p18f2550.asm
                    FSR2H   0x000fda       data     extern E:\3.45\pic18-lt\cxx-framework\src\traditional\proc\p18f2550.asm
                   PLUSW2   0x000fdb       data     extern E:\3.45\pic18-lt\cxx-framework\src\traditional\proc\p18f2550.asm
                  PREINC2   0x000fdc       data     extern E:\3.45\pic18-lt\cxx-framework\src\traditional\proc\p18f2550.asm
                 POSTDEC2   0x000fdd       data     extern E:\3.45\pic18-lt\cxx-framework\src\traditional\proc\p18f2550.asm
                 POSTINC2   0x000fde       data     extern E:\3.45\pic18-lt\cxx-framework\src\traditional\proc\p18f2550.asm
                    INDF2   0x000fdf       data     extern E:\3.45\pic18-lt\cxx-framework\src\traditional\proc\p18f2550.asm
                      BSR   0x000fe0       data     extern E:\3.45\pic18-lt\cxx-framework\src\traditional\proc\p18f2550.asm
                    FSR1L   0x000fe1       data     extern E:\3.45\pic18-lt\cxx-framework\src\traditional\proc\p18f2550.asm
                     FSR1   0x000fe1       data     extern E:\3.45\pic18-lt\cxx-framework\src\traditional\proc\p18f2550.asm
                    FSR1H   0x000fe2       data     extern E:\3.45\pic18-lt\cxx-framework\src\traditional\proc\p18f2550.asm
                   PLUSW1   0x000fe3       data     extern E:\3.45\pic18-lt\cxx-framework\src\traditional\proc\p18f2550.asm
                  PREINC1   0x000fe4       data     extern E:\3.45\pic18-lt\cxx-framework\src\traditional\proc\p18f2550.asm
                 POSTDEC1   0x000fe5       data     extern E:\3.45\pic18-lt\cxx-framework\src\traditional\proc\p18f2550.asm
                 POSTINC1   0x000fe6       data     extern E:\3.45\pic18-lt\cxx-framework\src\traditional\proc\p18f2550.asm
                    INDF1   0x000fe7       data     extern E:\3.45\pic18-lt\cxx-framework\src\traditional\proc\p18f2550.asm
                     WREG   0x000fe8       data     extern E:\3.45\pic18-lt\cxx-framework\src\traditional\proc\p18f2550.asm
                     FSR0   0x000fe9       data     extern E:\3.45\pic18-lt\cxx-framework\src\traditional\proc\p18f2550.asm
                    FSR0L   0x000fe9       data     extern E:\3.45\pic18-lt\cxx-framework\src\traditional\proc\p18f2550.asm
                    FSR0H   0x000fea       data     extern E:\3.45\pic18-lt\cxx-framework\src\traditional\proc\p18f2550.asm
                   PLUSW0   0x000feb       data     extern E:\3.45\pic18-lt\cxx-framework\src\traditional\proc\p18f2550.asm
                  PREINC0   0x000fec       data     extern E:\3.45\pic18-lt\cxx-framework\src\traditional\proc\p18f2550.asm
                 POSTDEC0   0x000fed       data     extern E:\3.45\pic18-lt\cxx-framework\src\traditional\proc\p18f2550.asm
                 POSTINC0   0x000fee       data     extern E:\3.45\pic18-lt\cxx-framework\src\traditional\proc\p18f2550.asm
                    INDF0   0x000fef       data     extern E:\3.45\pic18-lt\cxx-framework\src\traditional\proc\p18f2550.asm
              INTCON3bits   0x000ff0       data     extern E:\3.45\pic18-lt\cxx-framework\src\traditional\proc\p18f2550.asm
                  INTCON3   0x000ff0       data     extern E:\3.45\pic18-lt\cxx-framework\src\traditional\proc\p18f2550.asm
              INTCON2bits   0x000ff1       data     extern E:\3.45\pic18-lt\cxx-framework\src\traditional\proc\p18f2550.asm
                  INTCON2   0x000ff1       data     extern E:\3.45\pic18-lt\cxx-framework\src\traditional\proc\p18f2550.asm
               INTCONbits   0x000ff2       data     extern E:\3.45\pic18-lt\cxx-framework\src\traditional\proc\p18f2550.asm
                   INTCON   0x000ff2       data     extern E:\3.45\pic18-lt\cxx-framework\src\traditional\proc\p18f2550.asm
                     PROD   0x000ff3       data     extern E:\3.45\pic18-lt\cxx-framework\src\traditional\proc\p18f2550.asm
                    PRODL   0x000ff3       data     extern E:\3.45\pic18-lt\cxx-framework\src\traditional\proc\p18f2550.asm
                    PRODH   0x000ff4       data     extern E:\3.45\pic18-lt\cxx-framework\src\traditional\proc\p18f2550.asm
                   TABLAT   0x000ff5       data     extern E:\3.45\pic18-lt\cxx-framework\src\traditional\proc\p18f2550.asm
                  TBLPTRL   0x000ff6       data     extern E:\3.45\pic18-lt\cxx-framework\src\traditional\proc\p18f2550.asm
                   TBLPTR   0x000ff6       data     extern E:\3.45\pic18-lt\cxx-framework\src\traditional\proc\p18f2550.asm
                  TBLPTRH   0x000ff7       data     extern E:\3.45\pic18-lt\cxx-framework\src\traditional\proc\p18f2550.asm
                  TBLPTRU   0x000ff8       data     extern E:\3.45\pic18-lt\cxx-framework\src\traditional\proc\p18f2550.asm
                       PC   0x000ff9       data     extern E:\3.45\pic18-lt\cxx-framework\src\traditional\proc\p18f2550.asm
                      PCL   0x000ff9       data     extern E:\3.45\pic18-lt\cxx-framework\src\traditional\proc\p18f2550.asm
                   PCLATH   0x000ffa       data     extern E:\3.45\pic18-lt\cxx-framework\src\traditional\proc\p18f2550.asm
                   PCLATU   0x000ffb       data     extern E:\3.45\pic18-lt\cxx-framework\src\traditional\proc\p18f2550.asm
               STKPTRbits   0x000ffc       data     extern E:\3.45\pic18-lt\cxx-framework\src\traditional\proc\p18f2550.asm
                   STKPTR   0x000ffc       data     extern E:\3.45\pic18-lt\cxx-framework\src\traditional\proc\p18f2550.asm
                     TOSL   0x000ffd       data     extern E:\3.45\pic18-lt\cxx-framework\src\traditional\proc\p18f2550.asm
                      TOS   0x000ffd       data     extern E:\3.45\pic18-lt\cxx-framework\src\traditional\proc\p18f2550.asm
                     TOSH   0x000ffe       data     extern E:\3.45\pic18-lt\cxx-framework\src\traditional\proc\p18f2550.asm
                     TOSU   0x000fff       data     extern E:\3.45\pic18-lt\cxx-framework\src\traditional\proc\p18f2550.asm


